valid_time	latitude	longitude	number	expver	t2m
2024-01-01 12:00:00	11.69	-0.8	0	0001	307.19623
2024-01-01 12:00:00	11.69	-0.55	0	0001	307.417
2024-01-01 12:00:00	11.69	-0.3	0	0001	307.74646
2024-01-01 12:00:00	11.44	-0.8	0	0001	307.48062
2024-01-01 12:00:00	11.44	-0.55	0	0001	307.6983
2024-01-01 12:00:00	11.44	-0.3	0	0001	308.0783
2024-01-01 12:00:00	11.19	-0.8	0	0001	307.57996
2024-01-01 12:00:00	11.19	-0.55	0	0001	307.7496
2024-01-01 12:00:00	11.19	-0.3	0	0001	307.9795
